
user@note MINGW32 /c/YandexDisk/Документы/Техникум/ПМ05/horns_and_hooves (master)
$ git push horns_and_hooves master
Logon failed, use ctrl+c to cancel basic credential prompt.

user@note MINGW32 /c/YandexDisk/Документы/Техникум/ПМ05/horns_and_hooves (master)
$ git push horns_and_hooves master^C

user@note MINGW32 /c/YandexDisk/Документы/Техникум/ПМ05/horns_and_hooves (master)
$ git remote add horns_and_hooves git@github.com:ndrysmrnff/horns_and_hoves.git
fatal: remote horns_and_hooves already exists.

user@note MINGW32 /c/YandexDisk/Документы/Техникум/ПМ05/horns_and_hooves (master)
$ git remote delete horns_and_hooves
error: Unknown subcommand: delete
usage: git remote [-v | --verbose]
   or: git remote add [-t <branch>] [-m <master>] [-f] [--tags | --no-tags] [--mirror=<fetch|push>] <name> <url>
   or: git remote rename <old> <new>
   or: git remote remove <name>
   or: git remote set-head <name> (-a | --auto | -d | --delete | <branch>)
   or: git remote [-v | --verbose] show [-n] <name>
   or: git remote prune [-n | --dry-run] <name>
   or: git remote [-v | --verbose] update [-p | --prune] [(<group> | <remote>)...]
   or: git remote set-branches [--add] <name> <branch>...
   or: git remote get-url [--push] [--all] <name>
   or: git remote set-url [--push] <name> <newurl> [<oldurl>]
   or: git remote set-url --add <name> <newurl>
   or: git remote set-url --delete <name> <url>

    -v, --verbose         be verbose; must be placed before a subcommand


user@note MINGW32 /c/YandexDisk/Документы/Техникум/ПМ05/horns_and_hooves (master)
$ git remote remove horns_and_hooves

user@note MINGW32 /c/YandexDisk/Документы/Техникум/ПМ05/horns_and_hooves (master)
$ git remote -v

user@note MINGW32 /c/YandexDisk/Документы/Техникум/ПМ05/horns_and_hooves (master)
$ git remote add horns_and_hooves git@github.com:ndrysmrnff/horns_and_hoves.git

user@note MINGW32 /c/YandexDisk/Документы/Техникум/ПМ05/horns_and_hooves (master)
$ git remote -v
horns_and_hooves        git@github.com:ndrysmrnff/horns_and_hoves.git (fetch)
horns_and_hooves        git@github.com:ndrysmrnff/horns_and_hoves.git (push)

user@note MINGW32 /c/YandexDisk/Документы/Техникум/ПМ05/horns_and_hooves (master)
$ git push horns_and_hooves master
The authenticity of host 'github.com (140.82.121.4)' can't be established.
RSA key fingerprint is SHA256:nThbg6kXUpJWGl7E1IGOCspRomTxdCARLviKw6E5SY8.
Are you sure you want to continue connecting (yes/no/[fingerprint])?
Host key verification failed.
fatal: Could not read from remote repository.

Please make sure you have the correct access rights
and the repository exists.

user@note MINGW32 /c/YandexDisk/Документы/Техникум/ПМ05/horns_and_hooves (master)
$ git remote -v
horns_and_hooves        git@github.com:ndrysmrnff/horns_and_hoves.git (fetch)
horns_and_hooves        git@github.com:ndrysmrnff/horns_and_hoves.git (push)

user@note MINGW32 /c/YandexDisk/Документы/Техникум/ПМ05/horns_and_hooves (master)
$ git remote remove horns_and_hoves
fatal: No such remote: 'horns_and_hoves'

user@note MINGW32 /c/YandexDisk/Документы/Техникум/ПМ05/horns_and_hooves (master)
$ git remote -v
horns_and_hooves        git@github.com:ndrysmrnff/horns_and_hoves.git (fetch)
horns_and_hooves        git@github.com:ndrysmrnff/horns_and_hoves.git (push)

user@note MINGW32 /c/YandexDisk/Документы/Техникум/ПМ05/horns_and_hooves (master)
$ git push horns_and_hooves master
The authenticity of host 'github.com (140.82.121.4)' can't be established.
RSA key fingerprint is SHA256:nThbg6kXUpJWGl7E1IGOCspRomTxdCARLviKw6E5SY8.
Are you sure you want to continue connecting (yes/no/[fingerprint])? y
Please type 'yes', 'no' or the fingerprint: yes
Warning: Permanently added 'github.com,140.82.121.4' (RSA) to the list of known hosts.
ERROR: Repository not found.
fatal: Could not read from remote repository.

Please make sure you have the correct access rights
and the repository exists.

user@note MINGW32 /c/YandexDisk/Документы/Техникум/ПМ05/horns_and_hooves (master)
$ git remote remove horns_and_hoves
fatal: No such remote: 'horns_and_hoves'

user@note MINGW32 /c/YandexDisk/Документы/Техникум/ПМ05/horns_and_hooves (master)
$ git remote remove horns_and_hooves

user@note MINGW32 /c/YandexDisk/Документы/Техникум/ПМ05/horns_and_hooves (master)
$ git remote -v

user@note MINGW32 /c/YandexDisk/Документы/Техникум/ПМ05/horns_and_hooves (master)
$ git remote add horns_and_hooves git@github.com:ndrysmrnff/horns_and_hooves.git

user@note MINGW32 /c/YandexDisk/Документы/Техникум/ПМ05/horns_and_hooves (master)
$ git remote -v
horns_and_hooves        git@github.com:ndrysmrnff/horns_and_hooves.git (fetch)
horns_and_hooves        git@github.com:ndrysmrnff/horns_and_hooves.git (push)

user@note MINGW32 /c/YandexDisk/Документы/Техникум/ПМ05/horns_and_hooves (master)
$ git push horns_and_hooves master
Warning: Permanently added the RSA host key for IP address '140.82.121.3' to the list of known hosts.
Enumerating objects: 4, done.
Counting objects: 100% (4/4), done.
Delta compression using up to 2 threads
Compressing objects: 100% (3/3), done.
Writing objects: 100% (3/3), 1.29 KiB | 1.29 MiB/s, done.
Total 3 (delta 1), reused 0 (delta 0)
remote: Resolving deltas: 100% (1/1), completed with 1 local object.
To github.com:ndrysmrnff/horns_and_hooves.git
   9f9b9e1..f03e65e  master -> master

user@note MINGW32 /c/YandexDisk/Документы/Техникум/ПМ05/horns_and_hooves (master)
$
